  ToolMain.cpp
  _WIN32_WINNT not defined. Defaulting to _WIN32_WINNT_MAXVER (see WinSDKVer.h)
D:\University\Year_4\CMP405\WFFC-Edit\WOFFCEdit\CutCommand.h(12,31): warning C4018: '<': signed/unsigned mismatch
  (compiling source file 'ToolMain.cpp')
  
D:\University\Year_4\CMP405\WFFC-Edit\WOFFCEdit\CutCommand.h(33,31): warning C4018: '<': signed/unsigned mismatch
  (compiling source file 'ToolMain.cpp')
  
D:\University\Year_4\CMP405\WFFC-Edit\WOFFCEdit\DeleteCommand.h(15,31): warning C4018: '<': signed/unsigned mismatch
  (compiling source file 'ToolMain.cpp')
  
D:\University\Year_4\CMP405\WFFC-Edit\WOFFCEdit\DeleteCommand.h(27,32): warning C4018: '<=': signed/unsigned mismatch
  (compiling source file 'ToolMain.cpp')
  
D:\University\Year_4\CMP405\WFFC-Edit\WOFFCEdit\DeleteCommand.h(41,31): warning C4018: '<': signed/unsigned mismatch
  (compiling source file 'ToolMain.cpp')
  
D:\University\Year_4\CMP405\WFFC-Edit\WOFFCEdit\ToolMain.cpp(111,46): warning C4244: '=': conversion from 'double' to 'float', possible loss of data
D:\University\Year_4\CMP405\WFFC-Edit\WOFFCEdit\ToolMain.cpp(112,46): warning C4244: '=': conversion from 'double' to 'float', possible loss of data
D:\University\Year_4\CMP405\WFFC-Edit\WOFFCEdit\ToolMain.cpp(113,46): warning C4244: '=': conversion from 'double' to 'float', possible loss of data
D:\University\Year_4\CMP405\WFFC-Edit\WOFFCEdit\ToolMain.cpp(114,46): warning C4244: '=': conversion from 'double' to 'float', possible loss of data
D:\University\Year_4\CMP405\WFFC-Edit\WOFFCEdit\ToolMain.cpp(115,46): warning C4244: '=': conversion from 'double' to 'float', possible loss of data
D:\University\Year_4\CMP405\WFFC-Edit\WOFFCEdit\ToolMain.cpp(116,46): warning C4244: '=': conversion from 'double' to 'float', possible loss of data
D:\University\Year_4\CMP405\WFFC-Edit\WOFFCEdit\ToolMain.cpp(117,46): warning C4244: '=': conversion from 'double' to 'float', possible loss of data
D:\University\Year_4\CMP405\WFFC-Edit\WOFFCEdit\ToolMain.cpp(118,46): warning C4244: '=': conversion from 'double' to 'float', possible loss of data
D:\University\Year_4\CMP405\WFFC-Edit\WOFFCEdit\ToolMain.cpp(119,46): warning C4244: '=': conversion from 'double' to 'float', possible loss of data
D:\University\Year_4\CMP405\WFFC-Edit\WOFFCEdit\ToolMain.cpp(131,48): warning C4244: '=': conversion from 'double' to 'float', possible loss of data
D:\University\Year_4\CMP405\WFFC-Edit\WOFFCEdit\ToolMain.cpp(132,48): warning C4244: '=': conversion from 'double' to 'float', possible loss of data
D:\University\Year_4\CMP405\WFFC-Edit\WOFFCEdit\ToolMain.cpp(133,48): warning C4244: '=': conversion from 'double' to 'float', possible loss of data
D:\University\Year_4\CMP405\WFFC-Edit\WOFFCEdit\ToolMain.cpp(137,48): warning C4244: '=': conversion from 'double' to 'float', possible loss of data
D:\University\Year_4\CMP405\WFFC-Edit\WOFFCEdit\ToolMain.cpp(138,47): warning C4244: '=': conversion from 'double' to 'float', possible loss of data
D:\University\Year_4\CMP405\WFFC-Edit\WOFFCEdit\ToolMain.cpp(139,42): warning C4244: '=': conversion from 'int' to 'float', possible loss of data
D:\University\Year_4\CMP405\WFFC-Edit\WOFFCEdit\ToolMain.cpp(143,50): warning C4244: '=': conversion from 'double' to 'int', possible loss of data
D:\University\Year_4\CMP405\WFFC-Edit\WOFFCEdit\ToolMain.cpp(144,50): warning C4244: '=': conversion from 'double' to 'int', possible loss of data
D:\University\Year_4\CMP405\WFFC-Edit\WOFFCEdit\ToolMain.cpp(154,57): warning C4244: '=': conversion from 'double' to 'float', possible loss of data
D:\University\Year_4\CMP405\WFFC-Edit\WOFFCEdit\ToolMain.cpp(155,57): warning C4244: '=': conversion from 'double' to 'float', possible loss of data
D:\University\Year_4\CMP405\WFFC-Edit\WOFFCEdit\ToolMain.cpp(156,57): warning C4244: '=': conversion from 'double' to 'float', possible loss of data
D:\University\Year_4\CMP405\WFFC-Edit\WOFFCEdit\ToolMain.cpp(157,58): warning C4244: '=': conversion from 'double' to 'float', possible loss of data
D:\University\Year_4\CMP405\WFFC-Edit\WOFFCEdit\ToolMain.cpp(158,58): warning C4244: '=': conversion from 'double' to 'float', possible loss of data
D:\University\Year_4\CMP405\WFFC-Edit\WOFFCEdit\ToolMain.cpp(159,58): warning C4244: '=': conversion from 'double' to 'float', possible loss of data
D:\University\Year_4\CMP405\WFFC-Edit\WOFFCEdit\ToolMain.cpp(160,59): warning C4244: '=': conversion from 'double' to 'float', possible loss of data
D:\University\Year_4\CMP405\WFFC-Edit\WOFFCEdit\ToolMain.cpp(161,56): warning C4244: '=': conversion from 'double' to 'float', possible loss of data
D:\University\Year_4\CMP405\WFFC-Edit\WOFFCEdit\ToolMain.cpp(162,54): warning C4244: '=': conversion from 'double' to 'float', possible loss of data
D:\University\Year_4\CMP405\WFFC-Edit\WOFFCEdit\ToolMain.cpp(163,57): warning C4244: '=': conversion from 'double' to 'float', possible loss of data
D:\University\Year_4\CMP405\WFFC-Edit\WOFFCEdit\ToolMain.cpp(424,6): warning C4101: 'mouseX': unreferenced local variable
D:\University\Year_4\CMP405\WFFC-Edit\WOFFCEdit\ToolMain.cpp(425,6): warning C4101: 'mouseY': unreferenced local variable
  Win32SimpleSample.vcxproj -> D:\University\Year_4\CMP405\WFFC-Edit\WOFFCEdit\Debug\WoFEdit.exe
